=== EAGER (async-interval 1, default) ===
=== level 0 run 1 ===
--- couche gdn ---
mémoire couche: 1,63 GB
ms/pas — médiane 5.47  p10 5.31  p90 6.18  min 5.02  max 6.55
CPU moyen: 17.9 %   GPU moyen: 14.2 %
--- couche qsa ---
mémoire couche: 1,62 GB
ms/pas — médiane 5.88  p10 5.65  p90 6.46  min 5.27  max 7.22
CPU moyen: 32.3 %   GPU moyen: 14.6 %
MLX mémoire active: 16 bytes
MLX mémoire peak: 2,28 GB
=== level 0 run 2 ===
--- couche gdn ---
mémoire couche: 1,63 GB
ms/pas — médiane 5.40  p10 5.28  p90 5.99  min 5.23  max 6.55
CPU moyen: 17.5 %   GPU moyen: 13.7 %
--- couche qsa ---
mémoire couche: 1,62 GB
ms/pas — médiane 5.78  p10 5.56  p90 6.51  min 5.50  max 6.92
CPU moyen: 30.1 %   GPU moyen: 14.1 %
MLX mémoire active: 16 bytes
MLX mémoire peak: 2,28 GB
=== level 1 run 1 ===
--- couche gdn ---
mémoire couche: 1,63 GB
ms/pas — médiane 5.58  p10 5.38  p90 6.22  min 5.29  max 6.68
CPU moyen: 17.3 %   GPU moyen: 14.6 %
--- couche qsa ---
mémoire couche: 1,62 GB
ms/pas — médiane 5.86  p10 5.61  p90 6.44  min 5.50  max 6.67
CPU moyen: 29.6 %   GPU moyen: 14.6 %
MLX mémoire active: 16 bytes
MLX mémoire peak: 2,31 GB
=== level 1 run 2 ===
--- couche gdn ---
mémoire couche: 1,63 GB
ms/pas — médiane 5.39  p10 5.35  p90 5.44  min 5.27  max 5.57
CPU moyen: 15.8 %   GPU moyen: 13.6 %
--- couche qsa ---
mémoire couche: 1,62 GB
ms/pas — médiane 5.66  p10 5.62  p90 5.72  min 5.58  max 5.83
CPU moyen: 27.8 %   GPU moyen: 13.2 %
MLX mémoire active: 16 bytes
MLX mémoire peak: 2,31 GB
=== level 2 run 1 ===
--- couche gdn ---
mémoire couche: 1,63 GB
ms/pas — médiane 5.37  p10 5.24  p90 5.44  min 4.80  max 5.62
CPU moyen: 15.4 %   GPU moyen: 13.8 %
--- couche qsa ---
mémoire couche: 1,62 GB
ms/pas — médiane 5.66  p10 5.55  p90 5.76  min 5.14  max 6.34
CPU moyen: 26.9 %   GPU moyen: 13.7 %
MLX mémoire active: 16 bytes
MLX mémoire peak: 2,31 GB
=== level 2 run 2 ===
--- couche gdn ---
mémoire couche: 1,63 GB
ms/pas — médiane 5.42  p10 5.36  p90 5.53  min 4.87  max 6.18
CPU moyen: 15.8 %   GPU moyen: 14.3 %
--- couche qsa ---
mémoire couche: 1,62 GB
ms/pas — médiane 5.66  p10 5.61  p90 5.74  min 5.24  max 6.07
CPU moyen: 26.4 %   GPU moyen: 13.4 %
MLX mémoire active: 16 bytes
MLX mémoire peak: 2,31 GB
