=== level 0 run 1 ===
--- couche gdn ---
mémoire couche: 1,63 GB
ms/pas — médiane 4.51  p10 4.44  p90 4.56  min 4.37  max 5.38
CPU moyen: 26.4 %   GPU moyen: 46.0 %
--- couche qsa ---
mémoire couche: 1,62 GB
ms/pas — médiane 4.43  p10 4.38  p90 4.53  min 4.32  max 4.72
CPU moyen: 40.3 %   GPU moyen: 45.1 %
MLX mémoire active: 20 bytes
MLX mémoire peak: 2,91 GB
=== level 0 run 2 ===
--- couche gdn ---
mémoire couche: 1,63 GB
ms/pas — médiane 4.52  p10 4.44  p90 4.54  min 4.42  max 5.38
CPU moyen: 25.3 %   GPU moyen: 46.0 %
--- couche qsa ---
mémoire couche: 1,62 GB
ms/pas — médiane 4.43  p10 4.38  p90 4.55  min 4.32  max 4.69
CPU moyen: 39.9 %   GPU moyen: 45.1 %
MLX mémoire active: 20 bytes
MLX mémoire peak: 2,91 GB
=== level 1 run 1 ===
--- couche gdn ---
mémoire couche: 1,63 GB
ms/pas — médiane 4.53  p10 4.51  p90 4.55  min 4.46  max 5.49
CPU moyen: 25.0 %   GPU moyen: 46.0 %
--- couche qsa ---
mémoire couche: 1,62 GB
ms/pas — médiane 4.41  p10 4.36  p90 4.52  min 4.30  max 4.59
CPU moyen: 39.3 %   GPU moyen: 45.2 %
MLX mémoire active: 16 bytes
MLX mémoire peak: 2,94 GB
=== level 1 run 2 ===
--- couche gdn ---
mémoire couche: 1,63 GB
ms/pas — médiane 4.53  p10 4.52  p90 4.56  min 4.44  max 5.48
CPU moyen: 24.5 %   GPU moyen: 46.1 %
--- couche qsa ---
mémoire couche: 1,62 GB
ms/pas — médiane 4.44  p10 4.37  p90 4.58  min 4.34  max 4.69
CPU moyen: 39.6 %   GPU moyen: 45.2 %
MLX mémoire active: 16 bytes
MLX mémoire peak: 2,94 GB
=== level 2 run 1 ===
--- couche gdn ---
mémoire couche: 1,63 GB
ms/pas — médiane 4.54  p10 4.52  p90 4.55  min 4.45  max 5.49
CPU moyen: 24.9 %   GPU moyen: 45.9 %
--- couche qsa ---
mémoire couche: 1,62 GB
ms/pas — médiane 4.40  p10 4.35  p90 4.48  min 4.32  max 4.55
CPU moyen: 38.1 %   GPU moyen: 45.3 %
MLX mémoire active: 16 bytes
MLX mémoire peak: 2,94 GB
=== level 2 run 2 ===
--- couche gdn ---
mémoire couche: 1,63 GB
ms/pas — médiane 4.54  p10 4.52  p90 4.56  min 4.43  max 5.54
CPU moyen: 24.4 %   GPU moyen: 45.9 %
--- couche qsa ---
mémoire couche: 1,62 GB
ms/pas — médiane 4.44  p10 4.40  p90 4.49  min 4.36  max 4.52
CPU moyen: 37.9 %   GPU moyen: 45.3 %
MLX mémoire active: 16 bytes
MLX mémoire peak: 2,94 GB
